| test.js:1:11:1:19 | // codeql |  codeql | codeql | test.js:1:1:1:19 | suppression range |
| test.js:2:1:2:32 | // code ... tement] |  codeql[js/debugger-statement] | codeql[js/debugger-statement] | test.js:2:1:2:32 | suppression range |
| test.js:3:1:3:63 | // code ... nction] |  codeql[js/debugger-statement, js/invocation-of-non-function] | codeql[js/debugger-statement, js/invocation-of-non-function] | test.js:3:1:3:63 | suppression range |
| test.js:4:1:4:24 | // code ... llness] |  codeql[@tag:nullness] | codeql[@tag:nullness] | test.js:4:1:4:24 | suppression range |
| test.js:5:1:5:46 | // code ... tement] |  codeql[@tag:nullness,js/debugger-statement] | codeql[@tag:nullness,js/debugger-statement] | test.js:5:1:5:46 | suppression range |
| test.js:6:1:6:30 | // code ... -06-11] |  codeql[@expires:2017-06-11] | codeql[@expires:2017-06-11] | test.js:6:1:6:30 | suppression range |
| test.js:7:1:7:74 | // code ...  codeql |  codeql[js/invocation-of-non-function] because I know better than codeql | codeql[js/invocation-of-non-function] | test.js:7:1:7:74 | suppression range |
| test.js:8:1:8:20 | // codeql: blah blah |  codeql: blah blah | codeql | test.js:8:1:8:20 | suppression range |
| test.js:9:1:9:34 | // code ... ositive |  codeql blah blah #falsepositive | codeql | test.js:9:1:9:34 | suppression range |
| test.js:10:1:10:41 | //codeq ... nction] | codeql  [js/invocation-of-non-function] | codeql  [js/invocation-of-non-function] | test.js:10:1:10:41 | suppression range |
| test.js:11:1:11:12 | /* codeql */ |  codeql  | codeql | test.js:11:1:11:12 | suppression range |
| test.js:12:1:12:11 | // codeql[] |  codeql[] | codeql[] | test.js:12:1:12:11 | suppression range |
| test.js:14:1:14:8 | //codeql | codeql | codeql | test.js:14:1:14:8 | suppression range |
| test.js:15:1:15:9 | //\\tcodeql | \tcodeql | codeql | test.js:15:1:15:9 | suppression range |
| test.js:16:1:16:33 | // code ... tement] |  codeql\t[js/debugger-statement] | codeql\t[js/debugger-statement] | test.js:16:1:16:33 | suppression range |
| test.js:19:1:19:14 | // foo; codeql |  foo; codeql | codeql | test.js:19:1:19:14 | suppression range |
| test.js:20:1:20:37 | // foo; ... tement] |  foo; codeql[js/debugger-statement] | codeql[js/debugger-statement] | test.js:20:1:20:37 | suppression range |
| test.js:22:1:22:36 | // foo  ... tement] |  foo codeql[js/debugger-statement] | codeql[js/debugger-statement] | test.js:22:1:22:36 | suppression range |
| test.js:24:1:24:40 | // foo  ... nt] bar |  foo codeql[js/debugger-statement] bar | codeql[js/debugger-statement] | test.js:24:1:24:40 | suppression range |
| test.js:25:1:25:10 | // codeql! |  codeql! | codeql | test.js:25:1:25:10 | suppression range |
| test.js:26:1:26:32 | // code ... tement] |  codeql[js/debugger-statement] | codeql[js/debugger-statement] | test.js:26:1:26:32 | suppression range |
| test.js:27:1:27:74 | // code ... nction] |  codeql[js/debugger-statement] and codeql[js/invocation-of-non-function] | codeql[js/debugger-statement] | test.js:27:1:27:74 | suppression range |
| test.js:27:1:27:74 | // code ... nction] |  codeql[js/debugger-statement] and codeql[js/invocation-of-non-function] | codeql[js/invocation-of-non-function] | test.js:27:1:27:74 | suppression range |
| test.js:28:1:28:40 | // code ...  codeql |  codeql[js/debugger-statement]; codeql | codeql | test.js:28:1:28:40 | suppression range |
| test.js:28:1:28:40 | // code ...  codeql |  codeql[js/debugger-statement]; codeql | codeql[js/debugger-statement] | test.js:28:1:28:40 | suppression range |
| test.js:29:1:29:14 | /* codeql[] */ |  codeql[]  | codeql[] | test.js:29:1:29:14 | suppression range |
| test.js:30:1:30:43 | /* code ... ion] */ |  codeql[js/invocation-of-non-function]  | codeql[js/invocation-of-non-function] | test.js:30:1:30:43 | suppression range |
| test.js:36:1:36:57 | /* code ... ion] */ |  codeql[@tag:nullness,js/invocation-of-non-function]  | codeql[@tag:nullness,js/invocation-of-non-function] | test.js:36:1:36:57 | suppression range |
| test.js:37:1:37:27 | /* code ... ess] */ |  codeql[@tag:nullness]  | codeql[@tag:nullness] | test.js:37:1:37:27 | suppression range |
